// Jest Snapshot v1, https://goo.gl/fbAQLP

exports[`Testing HomeScreen.js rendering HomeScreen snapshot test 1`] = `
<View
  style={
    Array [
      Object {
        "backgroundColor": "#fff",
        "display": "flex",
        "flex": 1,
        "padding": 25,
      },
      Object {
        "alignItems": "center",
        "justifyContent": "center",
      },
    ]
  }
>
  <View
    style={
      Array [
        Object {
          "alignItems": "center",
        },
        Object {
          "height": "100%",
          "width": "100%",
        },
      ]
    }
  >
    <View
      style={
        Array [
          Object {
            "alignItems": "center",
            "backgroundColor": "#fed8b1",
            "borderColor": "#ffeed2",
            "borderRadius": 50,
            "borderWidth": 5,
          },
          Object {
            "elevation": 5,
            "marginVertical": 5,
            "shadowColor": "#000",
            "shadowOffset": Object {
              "height": 2,
              "width": 0,
            },
            "shadowOpacity": 0.25,
            "shadowRadius": 3.84,
          },
          Object {
            "height": "100%",
            "width": "100%",
          },
        ]
      }
    >
      <View
        style={
          Object {
            "alignItems": "center",
            "backgroundColor": "#ffeed2",
            "borderTopEndRadius": 40,
            "borderTopStartRadius": 40,
            "height": "30%",
            "padding": 20,
            "width": "100%",
          }
        }
      >
        <Text
          style={
            Array [
              Object {
                "color": "dimgray",
                "fontSize": 20,
                "fontWeight": "bold",
              },
            ]
          }
        >
          Hello there, 
          TestUser
          !
        </Text>
        <View
          style={
            Object {
              "height": "20%",
            }
          }
        />
        <View
          style={
            Array [
              Object {
                "backgroundColor": "#eee",
                "borderColor": "#fff",
                "borderRadius": 100,
                "borderWidth": 4,
                "height": 225,
                "width": 225,
              },
              Object {
                "alignItems": "center",
                "justifyContent": "center",
              },
              Object {
                "elevation": 5,
                "marginVertical": 5,
                "shadowColor": "#000",
                "shadowOffset": Object {
                  "height": 2,
                  "width": 0,
                },
                "shadowOpacity": 0.25,
                "shadowRadius": 3.84,
              },
            ]
          }
        >
          <Image
            resizeMode="contain"
            source={
              Object {
                "testUri": "../../../app/assets/stage_1.png",
              }
            }
            style={
              Object {
                "height": "100%",
                "width": "100%",
              }
            }
            testID="PLANT_IMAGE"
          />
        </View>
      </View>
      <View
        style={
          Object {
            "height": "30%",
          }
        }
      />
      <View
        accessible={true}
        focusable={true}
        onClick={[Function]}
        onResponderGrant={[Function]}
        onResponderMove={[Function]}
        onResponderRelease={[Function]}
        onResponderTerminate={[Function]}
        onResponderTerminationRequest={[Function]}
        onStartShouldSetResponder={[Function]}
        style={
          Object {
            "alignItems": "center",
            "backgroundColor": "#ffeed2",
            "borderRadius": 20,
            "elevation": 5,
            "height": "17%",
            "justifyContent": "center",
            "marginVertical": 5,
            "opacity": 1,
            "padding": 10,
            "shadowColor": "#000",
            "shadowOffset": Object {
              "height": 2,
              "width": 0,
            },
            "shadowOpacity": 0.25,
            "shadowRadius": 3.84,
            "width": "90%",
          }
        }
        testID="SESSION_BUTTON"
      >
        <Text
          style={
            Object {
              "color": "dimgray",
              "fontSize": 20,
              "fontWeight": "bold",
            }
          }
        >
          Go to your session
        </Text>
      </View>
      <View
        accessible={true}
        focusable={true}
        onClick={[Function]}
        onResponderGrant={[Function]}
        onResponderMove={[Function]}
        onResponderRelease={[Function]}
        onResponderTerminate={[Function]}
        onResponderTerminationRequest={[Function]}
        onStartShouldSetResponder={[Function]}
        style={
          Object {
            "alignItems": "center",
            "backgroundColor": "#ffeed2",
            "borderRadius": 20,
            "elevation": 5,
            "height": "17%",
            "justifyContent": "center",
            "marginVertical": 5,
            "opacity": 1,
            "padding": 10,
            "shadowColor": "#000",
            "shadowOffset": Object {
              "height": 2,
              "width": 0,
            },
            "shadowOpacity": 0.25,
            "shadowRadius": 3.84,
            "width": "90%",
          }
        }
        testID="PLANT_BUTTON"
      >
        <Text
          style={
            Object {
              "color": "dimgray",
              "fontSize": 20,
              "fontWeight": "bold",
            }
          }
        >
          Interact with your plant
        </Text>
      </View>
    </View>
  </View>
</View>
`;
