// Jest Snapshot v1, https://goo.gl/fbAQLP

exports[`Testing ForgotPasswordScreen.js ForgotPasswordScreen renders correctly 1`] = `
<View
  accessible={true}
  focusable={true}
  onClick={[Function]}
  onResponderGrant={[Function]}
  onResponderMove={[Function]}
  onResponderRelease={[Function]}
  onResponderTerminate={[Function]}
  onResponderTerminationRequest={[Function]}
  onStartShouldSetResponder={[Function]}
  style={
    Object {
      "flex": 1,
      "padding": "8%",
      "top": "5%",
    }
  }
>
  <Image
    resizeMode="contain"
    source={
      Object {
        "testUri": "../../../app/assets/hand-logo.png",
      }
    }
    style={
      Object {
        "alignSelf": "center",
        "flex": 3,
      }
    }
  />
  <View>
    <TextInput
      allowFontScaling={true}
      onChangeText={[Function]}
      placeholder="Email"
      rejectResponderTermination={true}
      style={
        Object {
          "alignSelf": "center",
          "borderBottomWidth": 1,
          "borderColor": "#ccc",
          "marginBottom": 15,
          "paddingBottom": 15,
          "width": "100%",
        }
      }
      testID="TEST_ID_EMAIL_INPUT"
      underlineColorAndroid="transparent"
      value=""
    />
    <View
      accessible={true}
      focusable={true}
      onClick={[Function]}
      onResponderGrant={[Function]}
      onResponderMove={[Function]}
      onResponderRelease={[Function]}
      onResponderTerminate={[Function]}
      onResponderTerminationRequest={[Function]}
      onStartShouldSetResponder={[Function]}
      style={
        Object {
          "alignSelf": "center",
          "backgroundColor": "#ffa351ff",
          "borderRadius": 50,
          "marginTop": 10,
          "opacity": 1,
          "paddingBottom": 15,
          "paddingTop": 15,
          "width": "90%",
        }
      }
      testID="TEST_ID_FORGOT_BUTTON"
    >
      <Text
        style={
          Object {
            "color": "white",
            "fontSize": 15,
            "textAlign": "center",
          }
        }
      >
        RESET PASSWORD
      </Text>
    </View>
    <Text
      onPress={[Function]}
      style={
        Object {
          "color": "#ffa351ff",
          "marginTop": 25,
          "textAlign": "center",
        }
      }
    >
      Back to Login
    </Text>
    <Text
      style={
        Object {
          "color": "red",
        }
      }
      testID="TEST_ID_MESSAGE"
    >
      
    </Text>
  </View>
</View>
`;
