// Jest Snapshot v1, https://goo.gl/fbAQLP

exports[`Testing LoginScreen.js LoginScreen renders correctly 1`] = `
<View
  accessible={true}
  focusable={true}
  onClick={[Function]}
  onResponderGrant={[Function]}
  onResponderMove={[Function]}
  onResponderRelease={[Function]}
  onResponderTerminate={[Function]}
  onResponderTerminationRequest={[Function]}
  onStartShouldSetResponder={[Function]}
  style={
    Object {
      "backgroundColor": "#fff",
      "flex": 1,
      "paddingTop": "10%",
    }
  }
>
  <Image
    resizeMode="contain"
    source={
      Object {
        "testUri": "../../../app/assets/hand-logo.png",
      }
    }
    style={
      Object {
        "alignSelf": "center",
        "flex": 3,
      }
    }
  />
  <View
    style={
      Object {
        "flex": 4,
        "padding": "8%",
      }
    }
  >
    <TextInput
      allowFontScaling={true}
      keyboardType="email-address"
      onChangeText={[Function]}
      placeholder="Email"
      rejectResponderTermination={true}
      style={
        Object {
          "alignSelf": "center",
          "borderBottomWidth": 1.5,
          "borderColor": "#ccc",
          "marginVertical": 15,
          "paddingBottom": 20,
          "width": "100%",
        }
      }
      testID="TEST_ID_EMAIL_INPUT"
      underlineColorAndroid="transparent"
      value=""
    />
    <TextInput
      allowFontScaling={true}
      maxLength={15}
      onChangeText={[Function]}
      placeholder="Password"
      rejectResponderTermination={true}
      secureTextEntry={true}
      style={
        Object {
          "alignSelf": "center",
          "borderBottomWidth": 1.5,
          "borderColor": "#ccc",
          "marginVertical": 15,
          "paddingBottom": 20,
          "width": "100%",
        }
      }
      testID="TEST_ID_PASSWORD_INPUT"
      underlineColorAndroid="transparent"
      value=""
    />
    <Text
      style={
        Object {
          "color": "red",
        }
      }
      testID="TEST_ID_MESSAGE"
    >
      
    </Text>
    <View
      accessible={true}
      focusable={true}
      onClick={[Function]}
      onResponderGrant={[Function]}
      onResponderMove={[Function]}
      onResponderRelease={[Function]}
      onResponderTerminate={[Function]}
      onResponderTerminationRequest={[Function]}
      onStartShouldSetResponder={[Function]}
      style={
        Object {
          "alignSelf": "center",
          "backgroundColor": "#ffa351ff",
          "borderRadius": 50,
          "marginTop": 10,
          "opacity": 1,
          "paddingBottom": 15,
          "paddingTop": 15,
          "width": "90%",
        }
      }
      testID="TEST_ID_LOGIN_BUTTON"
    >
      <Text
        style={
          Object {
            "color": "white",
            "fontSize": 15,
            "textAlign": "center",
          }
        }
      >
        LOG IN
      </Text>
    </View>
    <Text
      onPress={[Function]}
      style={
        Object {
          "color": "#ffa351ff",
          "marginTop": 25,
          "textAlign": "center",
        }
      }
      testID="TEST_ID_SIGNUP_BUTTON"
    >
      Don't have an account? Click here to signup
    </Text>
    <Text
      onPress={[Function]}
      style={
        Object {
          "color": "#ffa351ff",
          "marginTop": 25,
          "textAlign": "center",
        }
      }
      testID="TEST_ID_FORGOT_BUTTON"
    >
      Forgot your password?
    </Text>
  </View>
</View>
`;
