// Jest Snapshot v1, https://goo.gl/fbAQLP

exports[`Testing SchedulingScreen.js SchedulingScreen snapshot test 1`] = `
<View
  style={
    Array [
      Object {
        "backgroundColor": "white",
        "display": "flex",
        "flex": 1,
        "padding": 25,
      },
      Object {
        "alignItems": "center",
        "justifyContent": "center",
      },
    ]
  }
>
  <View
    style={
      Array [
        Object {
          "backgroundColor": "#fed8b1",
          "borderColor": "#ffeed2",
          "borderRadius": 50,
          "borderWidth": 5,
        },
        Object {
          "elevation": 5,
          "marginVertical": 5,
          "shadowColor": "#000",
          "shadowOffset": Object {
            "height": 2,
            "width": 0,
          },
          "shadowOpacity": 0.25,
          "shadowRadius": 3.84,
        },
        Object {
          "height": "100%",
          "width": "100%",
        },
      ]
    }
  >
    <View
      style={
        Object {
          "height": "7%",
        }
      }
    />
    <View
      style={
        Array [
          Object {
            "flexDirection": "row",
            "height": "6%",
          },
        ]
      }
    >
      <View
        style={
          Object {
            "width": "20%",
          }
        }
      />
      <Text
        style={
          Array [
            Object {
              "color": "dimgray",
              "flexWrap": "wrap",
              "fontSize": 20,
              "fontWeight": "bold",
              "textAlign": "center",
            },
            Object {
              "fontSize": 18,
            },
          ]
        }
      >
        Select a date:
      </Text>
    </View>
    <View
      style={
        Object {
          "flexDirection": "row",
          "height": "10%",
        }
      }
    >
      <View
        style={
          Object {
            "height": "100%",
            "width": "33%",
          }
        }
      />
      <View
        style={
          Array [
            Object {
              "width": "40%",
            },
          ]
        }
      />
    </View>
    <View
      style={
        Array [
          Object {
            "flexDirection": "row",
            "height": "6%",
          },
        ]
      }
    >
      <View
        style={
          Object {
            "width": "20%",
          }
        }
      />
      <Text
        style={
          Array [
            Object {
              "color": "dimgray",
              "flexWrap": "wrap",
              "fontSize": 20,
              "fontWeight": "bold",
              "textAlign": "center",
            },
            Object {
              "fontSize": 18,
            },
          ]
        }
      >
        Select a time:
      </Text>
    </View>
    <View
      style={
        Object {
          "flexDirection": "row",
          "height": "10%",
        }
      }
    >
      <View
        style={
          Object {
            "height": "10%",
            "width": "33%",
          }
        }
      />
      <View
        style={
          Object {
            "height": "10%",
            "width": "33%",
          }
        }
      />
    </View>
    <View
      style={
        Object {
          "height": "2%",
        }
      }
    />
    <View
      style={
        Array [
          Object {
            "height": "10%",
          },
          Object {
            "alignItems": "center",
            "justifyContent": "center",
          },
        ]
      }
    >
      <View
        accessible={true}
        focusable={true}
        onClick={[Function]}
        onResponderGrant={[Function]}
        onResponderMove={[Function]}
        onResponderRelease={[Function]}
        onResponderTerminate={[Function]}
        onResponderTerminationRequest={[Function]}
        onStartShouldSetResponder={[Function]}
        style={
          Object {
            "alignItems": "center",
            "backgroundColor": "#ffeed2",
            "height": "100%",
            "justifyContent": "center",
            "opacity": 1,
            "width": "100%",
          }
        }
      >
        <Text
          style={
            Array [
              Object {
                "color": "dimgray",
                "flexWrap": "wrap",
                "fontSize": 20,
                "fontWeight": "bold",
                "textAlign": "center",
              },
              Object {
                "fontSize": 18,
              },
            ]
          }
        >
          Add Session
        </Text>
      </View>
    </View>
    <View
      style={
        Object {
          "height": "10%",
        }
      }
    />
    <View
      style={
        Array [
          Object {
            "height": "25%",
          },
          Object {
            "alignItems": "center",
            "justifyContent": "center",
          },
        ]
      }
    >
      <View
        style={
          Array [
            Object {
              "height": "100%",
              "width": "100%",
            },
            Object {
              "alignItems": "center",
              "justifyContent": "center",
            },
          ]
        }
      >
        <Image
          resizeMode="contain"
          source={
            Object {
              "testUri": "../../../app/assets/sapling.png",
            }
          }
          style={
            Object {
              "height": 125,
              "width": 125,
            }
          }
        />
      </View>
    </View>
    <View
      style={
        Array [
          Object {
            "height": "10%",
          },
          Object {
            "alignItems": "center",
            "justifyContent": "center",
          },
        ]
      }
    >
      <View
        accessible={true}
        focusable={true}
        onClick={[Function]}
        onResponderGrant={[Function]}
        onResponderMove={[Function]}
        onResponderRelease={[Function]}
        onResponderTerminate={[Function]}
        onResponderTerminationRequest={[Function]}
        onStartShouldSetResponder={[Function]}
        style={
          Object {
            "alignItems": "center",
            "backgroundColor": "#ffeed2",
            "borderRadius": 50,
            "elevation": 5,
            "height": "100%",
            "justifyContent": "center",
            "marginVertical": 5,
            "opacity": 1,
            "shadowColor": "#000",
            "shadowOffset": Object {
              "height": 2,
              "width": 0,
            },
            "shadowOpacity": 0.25,
            "shadowRadius": 3.84,
            "width": "40%",
          }
        }
      >
        <Text
          style={
            Array [
              Object {
                "color": "dimgray",
                "flexWrap": "wrap",
                "fontSize": 20,
                "fontWeight": "bold",
                "textAlign": "center",
              },
              Object {
                "fontSize": 15,
              },
            ]
          }
        >
          Schedule List
        </Text>
      </View>
    </View>
  </View>
</View>
`;
