// Jest Snapshot v1, https://goo.gl/fbAQLP

exports[`renders correctly 1`] = `
<RCTSafeAreaView
  emulateUnlessSupported={true}
  style={
    Object {
      "alignItems": "center",
      "backgroundColor": "#fff7ed",
      "display": "flex",
      "flex": 1,
      "justifyContent": "center",
    }
  }
>
  <RCTSafeAreaView
    emulateUnlessSupported={true}
    style={
      Array [
        Object {
          "alignItems": "center",
          "height": "100%",
          "width": "100%",
        },
        undefined,
      ]
    }
  >
    <RCTSafeAreaView
      emulateUnlessSupported={true}
      style={
        Object {
          "alignItems": "center",
          "backgroundColor": "#fed8b1",
          "borderRadius": 20,
          "height": "18%",
          "justifyContent": "center",
          "marginTop": 88.93333333333334,
          "width": "85%",
        }
      }
    >
      <Text
        style={
          Array [
            Object {
              "color": "#4a4b4b",
              "fontWeight": "bold",
              "letterSpacing": 1.875,
              "lineHeight": 49.407407407407405,
              "maxWidth": 576.9230769230769,
              "textAlign": "center",
            },
            Object {
              "fontSize": 21,
            },
          ]
        }
      >
        Well done! Return to the session when you are ready.
         
        <Text
          style={
            Object {
              "color": "#000",
              "fontSize": 30,
            }
          }
        >
          ðŸŒ¿
        </Text>
         
      </Text>
    </RCTSafeAreaView>
    <RCTSafeAreaView
      emulateUnlessSupported={true}
      style={
        Object {
          "alignItems": "center",
          "justifyContent": "center",
        }
      }
    >
      <Image
        resizeMode="contain"
        source={
          Object {
            "testUri": "../../../app/assets/pause.png",
          }
        }
        style={
          Object {
            "marginTop": 66.7,
            "maxHeight": 533.6,
          }
        }
      />
    </RCTSafeAreaView>
    <RCTSafeAreaView
      emulateUnlessSupported={true}
      style={
        Object {
          "height": "7%",
        }
      }
    />
    <RCTSafeAreaView
      emulateUnlessSupported={true}
      style={
        Object {
          "alignItems": "center",
          "height": "100%",
          "width": "100%",
        }
      }
    >
      <View
        accessible={true}
        focusable={true}
        onClick={[Function]}
        onResponderGrant={[Function]}
        onResponderMove={[Function]}
        onResponderRelease={[Function]}
        onResponderTerminate={[Function]}
        onResponderTerminationRequest={[Function]}
        onStartShouldSetResponder={[Function]}
        style={
          Object {
            "backgroundColor": "#fecc91",
            "borderRadius": 20,
            "elevation": 5,
            "height": "9%",
            "justifyContent": "center",
            "marginVertical": 5,
            "opacity": 1,
            "padding": 10,
            "shadowColor": "#000",
            "shadowOffset": Object {
              "height": 2,
              "width": 0,
            },
            "shadowOpacity": 0.2,
            "shadowRadius": 3,
            "width": "70%",
          }
        }
      >
        <Text
          style={
            Array [
              Object {
                "color": "#4a4b4b",
                "fontWeight": "bold",
                "letterSpacing": 1.875,
                "lineHeight": 49.407407407407405,
                "maxWidth": 576.9230769230769,
                "textAlign": "center",
              },
              Object {
                "color": "dimgray",
                "fontSize": 18,
              },
            ]
          }
        >
          Back to the session
        </Text>
      </View>
    </RCTSafeAreaView>
  </RCTSafeAreaView>
</RCTSafeAreaView>
`;
