// Jest Snapshot v1, https://goo.gl/fbAQLP

exports[`Testing BarMarkers.js BarMarkers snapshot 1`] = `
<View
  style={
    Object {
      "backgroundColor": "transparent",
      "flexDirection": "row",
      "height": "100%",
      "width": "100%",
    }
  }
/>
`;
