// Jest Snapshot v1, https://goo.gl/fbAQLP

exports[`Testing FeelingsRadioButtons.js FeelingsRadioButtons renders correctly across screens 1`] = `
<View
  style={
    Object {
      "alignItems": "center",
      "backgroundColor": "white",
      "borderColor": "#ffa351ff",
      "borderRadius": 50,
      "borderWidth": 2,
      "flexDirection": "row",
      "justifyContent": "space-between",
      "padding": 10,
      "width": "95%",
    }
  }
>
  <View
    accessible={true}
    focusable={true}
    onClick={[Function]}
    onResponderGrant={[Function]}
    onResponderMove={[Function]}
    onResponderRelease={[Function]}
    onResponderTerminate={[Function]}
    onResponderTerminationRequest={[Function]}
    onStartShouldSetResponder={[Function]}
    style={
      Object {
        "opacity": 1,
      }
    }
    testID="VERY_SAD"
  >
    <Image
      source={
        Object {
          "testUri": "../../../app/assets/images/verySad.png",
        }
      }
      style={
        Object {
          "height": 50,
          "marginHorizontal": 7,
          "marginVertical": 7,
          "width": 50,
        }
      }
    />
  </View>
  <View
    accessible={true}
    focusable={true}
    onClick={[Function]}
    onResponderGrant={[Function]}
    onResponderMove={[Function]}
    onResponderRelease={[Function]}
    onResponderTerminate={[Function]}
    onResponderTerminationRequest={[Function]}
    onStartShouldSetResponder={[Function]}
    style={
      Object {
        "opacity": 1,
      }
    }
    testID="SAD"
  >
    <Image
      source={
        Object {
          "testUri": "../../../app/assets/images/sad.png",
        }
      }
      style={
        Object {
          "height": 50,
          "marginHorizontal": 7,
          "marginVertical": 7,
          "width": 50,
        }
      }
    />
  </View>
  <View
    accessible={true}
    focusable={true}
    onClick={[Function]}
    onResponderGrant={[Function]}
    onResponderMove={[Function]}
    onResponderRelease={[Function]}
    onResponderTerminate={[Function]}
    onResponderTerminationRequest={[Function]}
    onStartShouldSetResponder={[Function]}
    style={
      Object {
        "opacity": 1,
      }
    }
    testID="NEUTRAL"
  >
    <Image
      source={
        Object {
          "testUri": "../../../app/assets/images/neutral.png",
        }
      }
      style={
        Object {
          "height": 50,
          "marginHorizontal": 7,
          "marginVertical": 7,
          "width": 50,
        }
      }
    />
  </View>
  <View
    accessible={true}
    focusable={true}
    onClick={[Function]}
    onResponderGrant={[Function]}
    onResponderMove={[Function]}
    onResponderRelease={[Function]}
    onResponderTerminate={[Function]}
    onResponderTerminationRequest={[Function]}
    onStartShouldSetResponder={[Function]}
    style={
      Object {
        "opacity": 1,
      }
    }
    testID="HAPPY"
  >
    <Image
      source={
        Object {
          "testUri": "../../../app/assets/images/happy.png",
        }
      }
      style={
        Object {
          "height": 50,
          "marginHorizontal": 7,
          "marginVertical": 7,
          "width": 50,
        }
      }
    />
  </View>
  <View
    accessible={true}
    focusable={true}
    onClick={[Function]}
    onResponderGrant={[Function]}
    onResponderMove={[Function]}
    onResponderRelease={[Function]}
    onResponderTerminate={[Function]}
    onResponderTerminationRequest={[Function]}
    onStartShouldSetResponder={[Function]}
    style={
      Object {
        "opacity": 1,
      }
    }
    testID="VERY_HAPPY"
  >
    <Image
      source={
        Object {
          "testUri": "../../../app/assets/images/veryHappy.png",
        }
      }
      style={
        Object {
          "height": 50,
          "marginHorizontal": 7,
          "marginVertical": 7,
          "width": 50,
        }
      }
    />
  </View>
</View>
`;
